sequence_finder.cpp: In function ‘int main(int, const char**)’:
sequence_finder.cpp:122:19: warning: comparisons like ‘X<=Y<=Z’ do not have their mathematical meaning [-Wparentheses]
   if ((*nx).first < (*it).first < (*nx).second < (*it).second)
                   ^
sequence_finder.cpp:122:33: warning: comparisons like ‘X<=Y<=Z’ do not have their mathematical meaning [-Wparentheses]
   if ((*nx).first < (*it).first < (*nx).second < (*it).second)
                                 ^
sequence_finder.cpp:129:24: warning: comparisons like ‘X<=Y<=Z’ do not have their mathematical meaning [-Wparentheses]
   else if ((*it).first < (*nx).first < (*it).second < (*nx).second)
                        ^
sequence_finder.cpp:129:38: warning: comparisons like ‘X<=Y<=Z’ do not have their mathematical meaning [-Wparentheses]
   else if ((*it).first < (*nx).first < (*it).second < (*nx).second)
                                      ^
